[0.009s] Invoking command in '/home/namir/GitHub_task/ROS_tasks/build/chatroom': /usr/bin/cmake /home/namir/GitHub_task/ROS_tasks/dev_ws/src/chatroom -DCMAKE_INSTALL_PREFIX=/home/namir/GitHub_task/ROS_tasks/install/chatroom
[0.057s] -- The C compiler identification is GNU 11.4.0
[0.107s] -- The CXX compiler identification is GNU 11.4.0
[0.114s] -- Detecting C compiler ABI info
[0.174s] -- Detecting C compiler ABI info - done
[0.181s] -- Check for working C compiler: /usr/bin/cc - skipped
[0.181s] -- Detecting C compile features
[0.182s] -- Detecting C compile features - done
[0.186s] -- Detecting CXX compiler ABI info
[0.257s] -- Detecting CXX compiler ABI info - done
[0.269s] -- Check for working CXX compiler: /usr/bin/c++ - skipped
[0.269s] -- Detecting CXX compile features
[0.270s] -- Detecting CXX compile features - done
[0.276s] -- Found ament_cmake: 1.3.12 (/opt/ros/humble/share/ament_cmake/cmake)
[0.458s] -- Found Python3: /usr/bin/python3 (found version "3.10.12") found components: Interpreter 
[0.562s] -- Found rclcpp: 16.0.15 (/opt/ros/humble/share/rclcpp/cmake)
[0.607s] -- Found rosidl_generator_c: 3.1.7 (/opt/ros/humble/share/rosidl_generator_c/cmake)
[0.611s] -- Found rosidl_adapter: 3.1.7 (/opt/ros/humble/share/rosidl_adapter/cmake)
[0.619s] -- Found rosidl_generator_cpp: 3.1.7 (/opt/ros/humble/share/rosidl_generator_cpp/cmake)
[0.634s] -- Using all available rosidl_typesupport_c: rosidl_typesupport_fastrtps_c;rosidl_typesupport_introspection_c
[0.651s] -- Using all available rosidl_typesupport_cpp: rosidl_typesupport_fastrtps_cpp;rosidl_typesupport_introspection_cpp
[0.698s] -- Found rmw_implementation_cmake: 6.1.2 (/opt/ros/humble/share/rmw_implementation_cmake/cmake)
[0.700s] -- Found rmw_fastrtps_cpp: 6.2.9 (/opt/ros/humble/share/rmw_fastrtps_cpp/cmake)
[0.773s] -- Found OpenSSL: /usr/lib/x86_64-linux-gnu/libcrypto.so (found version "3.0.2")  
[0.796s] -- Found FastRTPS: /opt/ros/humble/include  
[0.833s] -- Using RMW implementation 'rmw_fastrtps_cpp' as default
[0.841s] -- Looking for pthread.h
[0.904s] -- Looking for pthread.h - found
[0.904s] -- Performing Test CMAKE_HAVE_LIBC_PTHREAD
[0.966s] -- Performing Test CMAKE_HAVE_LIBC_PTHREAD - Success
[0.967s] -- Found Threads: TRUE  
[1.066s] Error parsing '/home/namir/GitHub_task/ROS_tasks/dev_ws/src/chatroom/package.xml':
[1.120s] Traceback (most recent call last):
[1.120s]   File "/opt/ros/humble/share/ament_cmake_core/cmake/core/package_xml_2_cmake.py", line 150, in <module>
[1.120s]     main()
[1.120s]   File "/opt/ros/humble/share/ament_cmake_core/cmake/core/package_xml_2_cmake.py", line 53, in main
[1.120s]     raise e
[1.120s]   File "/opt/ros/humble/share/ament_cmake_core/cmake/core/package_xml_2_cmake.py", line 49, in main
[1.120s]     package = parse_package_string(
[1.120s]   File "/usr/lib/python3/dist-packages/catkin_pkg/package.py", line 788, in parse_package_string
[1.121s]     pkg.validate(warnings=warnings)
[1.121s]   File "/usr/lib/python3/dist-packages/catkin_pkg/package.py", line 330, in validate
[1.122s]     raise InvalidPackage('\n'.join(errors), self.filename)
[1.122s] catkin_pkg.package.InvalidPackage: Error(s) in package '/home/namir/GitHub_task/ROS_tasks/dev_ws/src/chatroom/package.xml':
[1.122s] Invalid email "M-namir-S" for person "namir"
[1.136s] [31mCMake Error at /opt/ros/humble/share/ament_cmake_core/cmake/core/ament_package_xml.cmake:95 (message):
[1.136s]   execute_process(/usr/bin/python3
[1.136s]   /opt/ros/humble/share/ament_cmake_core/cmake/core/package_xml_2_cmake.py
[1.136s]   /home/namir/GitHub_task/ROS_tasks/dev_ws/src/chatroom/package.xml
[1.136s]   /home/namir/GitHub_task/ROS_tasks/build/chatroom/ament_cmake_core/package.cmake)
[1.136s]   returned error code 1
[1.136s] Call Stack (most recent call first):
[1.136s]   /opt/ros/humble/share/ament_cmake_core/cmake/core/ament_package_xml.cmake:49 (_ament_package_xml)
[1.136s]   /opt/ros/humble/share/ament_cmake_core/cmake/core/ament_package.cmake:63 (ament_package_xml)
[1.136s]   CMakeLists.txt:14 (ament_package)
[1.136s] 
[1.137s] [0m
[1.137s] -- Configuring incomplete, errors occurred!
[1.137s] See also "/home/namir/GitHub_task/ROS_tasks/build/chatroom/CMakeFiles/CMakeOutput.log".
[1.144s] Invoked command in '/home/namir/GitHub_task/ROS_tasks/build/chatroom' returned '1': /usr/bin/cmake /home/namir/GitHub_task/ROS_tasks/dev_ws/src/chatroom -DCMAKE_INSTALL_PREFIX=/home/namir/GitHub_task/ROS_tasks/install/chatroom
